This is XeTeX, Version 3.141592653-2.6-0.999998 (TeX Live 2026) (preloaded format=xelatex 2026.3.18)  31 MAR 2026 21:33
entering extended mode
 restricted \write18 enabled.
 %&-line parsing enabled.
**main_expanded.texpython -c "p='main_expanded.tex'; c=open(p, encoding='utf-8'
).read(); c=c.replace('\\caption{PICOC framework defining the scope}', '\\capti
on{PICOC framework defining the scope}\\label{tab:picoc}'); c=c.replace('\\capt
ion{Deployment Readiness Score (DRS) instrument}', '\\caption{Deployment Readin
ess Score (DRS) instrument}\\label{tab:quality_criteria}'); c=c.replace('\\subs
ection{Deployment Readiness Score (DRS)}', '\\subsection{Deployment Readiness S
core (DRS)}\\label{subsec:drs}'); c=c.replace('\\subsection{Risk of Bias Assess
ment (MMAT)}', '\\subsection{Risk of Bias Assessment (MMAT)}\\label{subsec:mmat
}'); open(p, 'w', encoding='utf-8').write(c); print('✅ Labels agregadas')"
(c:/texlive/2026/texmf-dist/tex/latex/tools/x.tex
LaTeX2e <2025-11-01>
L3 programming layer <2026-01-19>

! .
l.38   \batchmode \errmessage{}
                               \csname @@end\endcsname \end
This error message was generated by an \errmessage
command, so I can't give any explicit help.
Pretend that you're Hercule Poirot: Examine all clues,
and deduce the truth by order and method.

 ) 
Here is how much of TeX's memory you used:
 18 strings out of 468167
 391 string characters out of 5436503
 426411 words of memory out of 5000000
 28839 multiletter control sequences out of 15000+600000
 627721 words of font info for 40 fonts, out of 8000000 for 9000
 1348 hyphenation exceptions out of 8191
 11i,0n,13p,961b,8s stack positions out of 10000i,1000n,20000p,200000b,200000s

No pages of output.
